// Jest Snapshot v1, https://goo.gl/fbAQLP

exports[`<SherlockAnimation /> renders without crashing 1`] = `
Object {
  "asFragment": [Function],
  "baseElement": <body>
    <div>
      <div
        class="styled__StyledContent-sc-1jtcv8m-0 fJwgMz"
      >
        <div
          class="background"
        >
          <div />
          <div />
        </div>
        <div
          class="face"
        >
          <div
            class="hand hand--left"
          >
            <div
              class="fingers"
            >
              <div
                class="finger"
              >
                <div
                  class="finger__tip"
                />
              </div>
              <div
                class="finger"
              >
                <div
                  class="finger__tip"
                />
              </div>
              <div
                class="finger"
              >
                <div
                  class="finger__tip"
                />
              </div>
              <div
                class="finger"
              >
                <div
                  class="finger__tip"
                />
              </div>
            </div>
          </div>
          <div
            class="eyes"
          >
            <div
              class="eye"
            >
              <div
                class="eye__ball"
              >
                <div
                  class="eye__pupil"
                />
              </div>
              <div
                class="eye__lid"
              />
            </div>
            <div
              class="eye"
            >
              <div
                class="eye__ball"
              >
                <div
                  class="eye__pupil"
                />
              </div>
              <div
                class="eye__lid"
              />
            </div>
          </div>
          <div
            class="hand hand--right"
          >
            <div
              class="fingers"
            >
              <div
                class="finger"
              >
                <div
                  class="finger__tip"
                />
              </div>
              <div
                class="finger"
              >
                <div
                  class="finger__tip"
                />
              </div>
              <div
                class="finger"
              >
                <div
                  class="finger__tip"
                />
              </div>
              <div
                class="finger"
              >
                <div
                  class="finger__tip"
                />
              </div>
            </div>
          </div>
        </div>
      </div>
    </div>
  </body>,
  "container": <div>
    <div
      class="styled__StyledContent-sc-1jtcv8m-0 fJwgMz"
    >
      <div
        class="background"
      >
        <div />
        <div />
      </div>
      <div
        class="face"
      >
        <div
          class="hand hand--left"
        >
          <div
            class="fingers"
          >
            <div
              class="finger"
            >
              <div
                class="finger__tip"
              />
            </div>
            <div
              class="finger"
            >
              <div
                class="finger__tip"
              />
            </div>
            <div
              class="finger"
            >
              <div
                class="finger__tip"
              />
            </div>
            <div
              class="finger"
            >
              <div
                class="finger__tip"
              />
            </div>
          </div>
        </div>
        <div
          class="eyes"
        >
          <div
            class="eye"
          >
            <div
              class="eye__ball"
            >
              <div
                class="eye__pupil"
              />
            </div>
            <div
              class="eye__lid"
            />
          </div>
          <div
            class="eye"
          >
            <div
              class="eye__ball"
            >
              <div
                class="eye__pupil"
              />
            </div>
            <div
              class="eye__lid"
            />
          </div>
        </div>
        <div
          class="hand hand--right"
        >
          <div
            class="fingers"
          >
            <div
              class="finger"
            >
              <div
                class="finger__tip"
              />
            </div>
            <div
              class="finger"
            >
              <div
                class="finger__tip"
              />
            </div>
            <div
              class="finger"
            >
              <div
                class="finger__tip"
              />
            </div>
            <div
              class="finger"
            >
              <div
                class="finger__tip"
              />
            </div>
          </div>
        </div>
      </div>
    </div>
  </div>,
  "debug": [Function],
  "findAllByAltText": [Function],
  "findAllByDisplayValue": [Function],
  "findAllByLabelText": [Function],
  "findAllByPlaceholderText": [Function],
  "findAllByRole": [Function],
  "findAllByTestId": [Function],
  "findAllByText": [Function],
  "findAllByTitle": [Function],
  "findByAltText": [Function],
  "findByDisplayValue": [Function],
  "findByLabelText": [Function],
  "findByPlaceholderText": [Function],
  "findByRole": [Function],
  "findByTestId": [Function],
  "findByText": [Function],
  "findByTitle": [Function],
  "getAllByAltText": [Function],
  "getAllByDisplayValue": [Function],
  "getAllByLabelText": [Function],
  "getAllByPlaceholderText": [Function],
  "getAllByRole": [Function],
  "getAllByTestId": [Function],
  "getAllByText": [Function],
  "getAllByTitle": [Function],
  "getByAltText": [Function],
  "getByDisplayValue": [Function],
  "getByLabelText": [Function],
  "getByPlaceholderText": [Function],
  "getByRole": [Function],
  "getByTestId": [Function],
  "getByText": [Function],
  "getByTitle": [Function],
  "queryAllByAltText": [Function],
  "queryAllByDisplayValue": [Function],
  "queryAllByLabelText": [Function],
  "queryAllByPlaceholderText": [Function],
  "queryAllByRole": [Function],
  "queryAllByTestId": [Function],
  "queryAllByText": [Function],
  "queryAllByTitle": [Function],
  "queryByAltText": [Function],
  "queryByDisplayValue": [Function],
  "queryByLabelText": [Function],
  "queryByPlaceholderText": [Function],
  "queryByRole": [Function],
  "queryByTestId": [Function],
  "queryByText": [Function],
  "queryByTitle": [Function],
  "rerender": [Function],
  "unmount": [Function],
}
`;
