// Jest Snapshot v1, https://goo.gl/fbAQLP

exports[`<AmbitionExplorer /> renders without crashing 1`] = `
Object {
  "asFragment": [Function],
  "baseElement": <body>
    <div>
      <div
        class="styled__StyledWrapper-ey9dti-0 kpuNbG"
        style=""
      >
        <div
          class="scrollmagic-pin-spacer"
          data-scrollmagic-pin-spacer=""
          style="top: 0px; display: block; position: relative; box-sizing: content-box; width: 100%; min-height: 0px; height: auto; padding-top: 0px; padding-bottom: 7000px;"
        >
          <div
            class="sticky"
            style="position: relative; margin: auto; box-sizing: border-box; width: 100%;"
          >
            <div />
          </div>
        </div>
      </div>
    </div>
  </body>,
  "container": <div>
    <div
      class="styled__StyledWrapper-ey9dti-0 kpuNbG"
      style=""
    >
      <div
        class="scrollmagic-pin-spacer"
        data-scrollmagic-pin-spacer=""
        style="top: 0px; display: block; position: relative; box-sizing: content-box; width: 100%; min-height: 0px; height: auto; padding-top: 0px; padding-bottom: 7000px;"
      >
        <div
          class="sticky"
          style="position: relative; margin: auto; box-sizing: border-box; width: 100%;"
        >
          <div />
        </div>
      </div>
    </div>
  </div>,
  "debug": [Function],
  "findAllByAltText": [Function],
  "findAllByDisplayValue": [Function],
  "findAllByLabelText": [Function],
  "findAllByPlaceholderText": [Function],
  "findAllByRole": [Function],
  "findAllByTestId": [Function],
  "findAllByText": [Function],
  "findAllByTitle": [Function],
  "findByAltText": [Function],
  "findByDisplayValue": [Function],
  "findByLabelText": [Function],
  "findByPlaceholderText": [Function],
  "findByRole": [Function],
  "findByTestId": [Function],
  "findByText": [Function],
  "findByTitle": [Function],
  "getAllByAltText": [Function],
  "getAllByDisplayValue": [Function],
  "getAllByLabelText": [Function],
  "getAllByPlaceholderText": [Function],
  "getAllByRole": [Function],
  "getAllByTestId": [Function],
  "getAllByText": [Function],
  "getAllByTitle": [Function],
  "getByAltText": [Function],
  "getByDisplayValue": [Function],
  "getByLabelText": [Function],
  "getByPlaceholderText": [Function],
  "getByRole": [Function],
  "getByTestId": [Function],
  "getByText": [Function],
  "getByTitle": [Function],
  "queryAllByAltText": [Function],
  "queryAllByDisplayValue": [Function],
  "queryAllByLabelText": [Function],
  "queryAllByPlaceholderText": [Function],
  "queryAllByRole": [Function],
  "queryAllByTestId": [Function],
  "queryAllByText": [Function],
  "queryAllByTitle": [Function],
  "queryByAltText": [Function],
  "queryByDisplayValue": [Function],
  "queryByLabelText": [Function],
  "queryByPlaceholderText": [Function],
  "queryByRole": [Function],
  "queryByTestId": [Function],
  "queryByText": [Function],
  "queryByTitle": [Function],
  "rerender": [Function],
  "unmount": [Function],
}
`;
